[INFO] Scanning for projects...
[INFO] 
[INFO] ------------------------< org.jdc:Tunja_Evenfy >------------------------
[INFO] Building Tunja_Evenfy 0.0.1-SNAPSHOT
[INFO]   from pom.xml
[INFO] --------------------------------[ jar ]---------------------------------
[INFO] 
[INFO] --- clean:3.4.1:clean (default-clean) @ Tunja_Evenfy ---
[INFO] Deleting C:\Users\cesar\IdeaProjects\Tunja_Evenfy\target
[INFO] 
[INFO] --- resources:3.3.1:resources (default-resources) @ Tunja_Evenfy ---
[INFO] Copying 1 resource from src\main\resources to target\classes
[INFO] Copying 1 resource from src\main\resources to target\classes
[INFO] 
[INFO] --- compiler:3.14.1:compile (default-compile) @ Tunja_Evenfy ---
[INFO] Recompiling the module because of changed source code.
[INFO] Compiling 64 source files with javac [debug parameters release 17] to target\classes
[INFO] -------------------------------------------------------------
[ERROR] COMPILATION ERROR : 
[INFO] -------------------------------------------------------------
[ERROR] /C:/Users/cesar/IdeaProjects/Tunja_Evenfy/src/main/java/org/jdc/tunja_evenfy/service/ResendEmailService.java:[120,63] illegal text block open delimiter sequence, missing line terminator
[ERROR] /C:/Users/cesar/IdeaProjects/Tunja_Evenfy/src/main/java/org/jdc/tunja_evenfy/service/ResendEmailService.java:[120,64] illegal start of type
[ERROR] /C:/Users/cesar/IdeaProjects/Tunja_Evenfy/src/main/java/org/jdc/tunja_evenfy/service/ResendEmailService.java:[121,26] illegal start of type
[ERROR] /C:/Users/cesar/IdeaProjects/Tunja_Evenfy/src/main/java/org/jdc/tunja_evenfy/service/ResendEmailService.java:[122,28] illegal start of expression
